// Jest Snapshot v1, https://goo.gl/fbAQLP

exports[`renders without crashing 1`] = `
<DocumentFragment>
  <div
    class="search-result-album-section"
  >
    <h4>
      Search Results for "Foo"
    </h4>
    <div
      class="title-text pad-t-10 pad-b-10"
    >
      ALBUMS
    </div>
    <div
      list=""
    />
    <div
      details="[object Object]"
    />
  </div>
</DocumentFragment>
`;
